Lightning automatically upgraded your loaded checkpoint from v1.5.4 to v2.6.5. To apply the upgrade to your files permanently, run `python -m lightning.pytorch.utilities.upgrade_checkpoint .venv/lib/python3.12/site-packages/whisperx/assets/pytorch_model.bin`
Progress: 2.04%...
Progress: 4.08%...
Progress: 6.12%...
Progress: 8.16%...
Progress: 10.20%...
Progress: 12.24%...
Progress: 14.29%...
Progress: 16.33%...
Progress: 18.37%...
Progress: 20.41%...
Progress: 22.45%...
Progress: 24.49%...
Progress: 26.53%...
Progress: 28.57%...
Progress: 30.61%...
Progress: 32.65%...
Progress: 34.69%...
Progress: 36.73%...
Progress: 38.78%...
Progress: 40.82%...
Progress: 42.86%...
Progress: 44.90%...
Progress: 46.94%...
Progress: 48.98%...
Progress: 51.02%...
Progress: 53.06%...
Progress: 55.10%...
Progress: 57.14%...
Progress: 59.18%...
Progress: 61.22%...
Progress: 63.27%...
Progress: 65.31%...
Progress: 67.35%...
Progress: 69.39%...
Progress: 71.43%...
Progress: 73.47%...
Progress: 75.51%...
Progress: 77.55%...
Progress: 79.59%...
Progress: 81.63%...
Progress: 83.67%...
Progress: 85.71%...
Progress: 87.76%...
Progress: 89.80%...
Progress: 91.84%...
Progress: 93.88%...
Progress: 95.92%...
Progress: 97.96%...
Progress: 100.00%...
Progress: 2.04%...
Progress: 4.08%...
Progress: 6.12%...
Progress: 8.16%...
Progress: 10.20%...
Progress: 12.24%...
Progress: 14.29%...
Progress: 16.33%...
Progress: 18.37%...
Progress: 20.41%...
Progress: 22.45%...
Progress: 24.49%...
Progress: 26.53%...
Progress: 28.57%...
Progress: 30.61%...
Progress: 32.65%...
Progress: 34.69%...
Progress: 36.73%...
Progress: 38.78%...
Progress: 40.82%...
Progress: 42.86%...
Progress: 44.90%...
Progress: 46.94%...
Progress: 48.98%...
Progress: 51.02%...
Progress: 53.06%...
Progress: 55.10%...
Progress: 57.14%...
Progress: 59.18%...
Progress: 61.22%...
Progress: 63.27%...
Progress: 65.31%...
Progress: 67.35%...
Progress: 69.39%...
Progress: 71.43%...
Progress: 73.47%...
Progress: 75.51%...
Progress: 77.55%...
Progress: 79.59%...
Progress: 81.63%...
Progress: 83.67%...
Progress: 85.71%...
Progress: 87.76%...
Progress: 89.80%...
Progress: 91.84%...
Progress: 93.88%...
Progress: 95.92%...
Progress: 97.96%...
Progress: 100.00%...
2026-08-29 08:20:03 - whisperx.transcribe - WARNING - No --hf_token provided, needs to be saved in environment variable, otherwise will throw error loading diarization model
/workspace/.venv/lib/python3.12/site-packages/pyannote/audio/models/blocks/pooling.py:103: UserWarning: std(): degrees of freedom is <= 0. Correction should be strictly less than the reduction factor (input numel divided by output numel). (Triggered internally at /pytorch/aten/src/ATen/native/ReduceOps.cpp:1839.)
  std = sequences.std(dim=-1, correction=1)
exit_code=0
