Lightning automatically upgraded your loaded checkpoint from v1.5.4 to v2.6.5. To apply the upgrade to your files permanently, run `python -m lightning.pytorch.utilities.upgrade_checkpoint .venv/lib/python3.12/site-packages/whisperx/assets/pytorch_model.bin`
Progress: 1.96%...
Progress: 3.92%...
Progress: 5.88%...
Progress: 7.84%...
Progress: 9.80%...
Progress: 11.76%...
Progress: 13.73%...
Progress: 15.69%...
Progress: 17.65%...
Progress: 19.61%...
Progress: 21.57%...
Progress: 23.53%...
Progress: 25.49%...
Progress: 27.45%...
Progress: 29.41%...
Progress: 31.37%...
Progress: 33.33%...
Progress: 35.29%...
Progress: 37.25%...
Progress: 39.22%...
Progress: 41.18%...
Progress: 43.14%...
Progress: 45.10%...
Progress: 47.06%...
Progress: 49.02%...
Progress: 50.98%...
Progress: 52.94%...
Progress: 54.90%...
Progress: 56.86%...
Progress: 58.82%...
Progress: 60.78%...
Progress: 62.75%...
Progress: 64.71%...
Progress: 66.67%...
Progress: 68.63%...
Progress: 70.59%...
Progress: 72.55%...
Progress: 74.51%...
Progress: 76.47%...
Progress: 78.43%...
Progress: 80.39%...
Progress: 82.35%...
Progress: 84.31%...
Progress: 86.27%...
Progress: 88.24%...
Progress: 90.20%...
Progress: 92.16%...
Progress: 94.12%...
Progress: 96.08%...
Progress: 98.04%...
Progress: 100.00%...
Progress: 1.96%...
Progress: 3.92%...
Progress: 5.88%...
Progress: 7.84%...
Progress: 9.80%...
Progress: 11.76%...
Progress: 13.73%...
Progress: 15.69%...
Progress: 17.65%...
Progress: 19.61%...
Progress: 21.57%...
Progress: 23.53%...
Progress: 25.49%...
Progress: 27.45%...
Progress: 29.41%...
Progress: 31.37%...
Progress: 33.33%...
Progress: 35.29%...
Progress: 37.25%...
Progress: 39.22%...
Progress: 41.18%...
Progress: 43.14%...
Progress: 45.10%...
Progress: 47.06%...
Progress: 49.02%...
Progress: 50.98%...
Progress: 52.94%...
Progress: 54.90%...
Progress: 56.86%...
Progress: 58.82%...
Progress: 60.78%...
Progress: 62.75%...
Progress: 64.71%...
Progress: 66.67%...
Progress: 68.63%...
Progress: 70.59%...
Progress: 72.55%...
Progress: 74.51%...
Progress: 76.47%...
Progress: 78.43%...
Progress: 80.39%...
Progress: 82.35%...
Progress: 84.31%...
Progress: 86.27%...
Progress: 88.24%...
Progress: 90.20%...
Progress: 92.16%...
Progress: 94.12%...
Progress: 96.08%...
Progress: 98.04%...
Progress: 100.00%...
2026-08-29 07:48:58 - whisperx.transcribe - WARNING - No --hf_token provided, needs to be saved in environment variable, otherwise will throw error loading diarization model
/workspace/.venv/lib/python3.12/site-packages/pyannote/audio/models/blocks/pooling.py:103: UserWarning: std(): degrees of freedom is <= 0. Correction should be strictly less than the reduction factor (input numel divided by output numel). (Triggered internally at /pytorch/aten/src/ATen/native/ReduceOps.cpp:1839.)
  std = sequences.std(dim=-1, correction=1)
exit_code=0
